[    0.000]Intiizng cgoususys put
[   0000] italizingcgup sbss cpu
[    0.000000] Initializing cgroup subsys cpuacct
[    0.000000] Linux version 4.4.0-75-generic (buildd@lcy01-04) (gcc version 5.4.0 20160609 (Ubuntu 5.4.0-6ubuntu1~16.04.4) ) #96-Ubuntu SMP Thu Apr 20 09:5:1UTC 01(Uunu 4.-7.9generi 44.9)
[   0.000] KEELsupoedcpus
   0.000   Intel GenuineIntel
[    0.000000]   AMD AuthenticAMD    0.00000]  NC Gedey NSC
[  00000]  Crix yrInted    00000]   Cntr entaurul
  0.000000]   Tramea GenuinTM6
[    .0000]  TrsmetarametaCP
   0.00000] UC UMCMCUMC[  0.00000 x6/fpu:xsate_offset[2: 576, xstate_sizes[2]:  256
[    0.000000] x86/fpu: Supporting XSAVE featre 0x01: 'x87 floating point registers'
[    0.0000] x6/u:Supporting XSAVE atre 0x02: SSregisrs
[    0.000000] x86/fpu: Supporting XSAVE feature 0x04: 'AVX registers'
[    0.000000] x86/fpu: Enabled xstate features 0x7, context size is 832 bytes, uusig tadar fmat.
[   0.0000] x/fpu: Using 'lzy' FPU context switche.[    0.000000] e820: BIOS-provided physical RAM map:
[    0.000000] BIOS-e820: [mem 0x0000000000000000-0x000000000009fbff] usable
[   0.00000]BIO-e0:[mem 0x000000000009fc00-0x000000000009ffff] reserved
[    0.000000] BIOS-e820: [mem 0x00000000000f0000-0x00000000000fffff] reserved
[  0000000] OS820: [me 0000000000100000-0x000000003ffeffff] usable
[    0.000000] BIOS-e820: [mem 0x000000003fff0000-0x000000003fffffff] ACPI data
[    0.000000] BIOS-e820: [mem 0x00000000fec00000-0x00000000fec00fff] reserve
   0.000] IOS-e820: [m x000000ee00000-0x00000000fee00ffff] reserved
[    .00000] OS-e820: [mem 0x00000000fffc0000-0x00000000ffffffff] reserved
[    0.000000] NX (Execute Disable) protection: active
[    0.000000] SMBIOS 2.5 present.
[    0.000000] Hypervisordeected: KVM
[    0.000000] e820: last_pfn = 0x3fff0 max_arch_pfn = 0x1000000
[   .0000]MT: Disle
[   00000 x6/ATMTRs dibled,skippg PA initialization too.
[    0.000000] x86/PAT: Configuration [0-7]: WB  WT  UC- UC  WB  WT  UC- UC  
  0.0000]PU MTs ll an- virtualiz sstem.[    0.00000 fnd SMMPtableatmem 0x0009fff0-0x0009ffff] mappd at [c009fff0]
[    0.000000] Scanning 1 areas fo lw emory coupion
  0.0000 RMDSK [m 0x35c00-0375fff][   .000] ACPI:ary ableheksumvefiation dsaed
[  000000] AC: SDP x00000000E000 0002(v2 VBOX  )
[   0.000] ACPI: XSDT 0x000000003FFF0030 00003C (v01 VBOX   VBOXXSDT 0000001 SL 00000061)
   0000000] ACPI: FACP 0x00000000FF0F0 00F(v04 OX  VBOXFAP 00000AS  00000061)
[  0.000000] ACPI: DSDT 0x000000003FFF0470 00210F (v01 VBOX   VBOXBIOS 00000002 INTL 20100528)
[    0.000000] ACPI: FACS 0x000000003FFF0200 000040
[    0.000000] ACPI: FACS0x00000FF200000
[    0.000000] ACPI: APIC 0x000000003FFF0240 0000C v0 VB  VBOXAPIC 0000 ASL 000061)
[    0.000000] ACPI: SSDT 0x000000003FFF02A0 0001CC (v01 VBOX   VBOXCPUT 00000002 INTL 20100528)
[    0.000000] 131MB HIGHMEM avaabe.
[  000000] 891MBOWEM availbl
    0.000]   mappedlo rm:0  3bfe000
[   .000] low r:  -37e00
[  000000kv-clok:singms 4564d0an 4b5600
[    0.000000] kvm-clock: cpu 0, msr 0:37bfd001, primary cpu clock
[    0.000000] kvm-clock: using sched offset of 3451013613 cycles
[    0.000000] clocksource: kvm-coc msk: 0xffffffffffffffff max_cycles: 0x1cd42e4dffb, maxid_ns: 81051483 ns
[  000000]one rng:
[   00000  MA      [mem 0x0000000001000-0x0000000000ffffff]
[    0.000000]   Normal   [mem 0x0000000001000000-0x0000000037bfdfff][   0.000]  HiMem  [m x0000000bfe000-0x000000003ffff]
  0.0000 Mable zon srt fr chnode
[    00000] Elymeory no rang
   0.000]   noe  0 [emx00000000000100x00000000009efff
[   .000000]   nde 0: [me 0000000010000x0000000fefff]
[  00000] nitmem setup node 0 [mem 0x00000000000x000000003ffeffff]
[    0.000000] Using APIC driver default
[    0.000000 API PM-im IO Prt 0x408
   000000]OAIC[0]apc_i2,ersin , ddres 0ec000, I -2
  0.000000] PI: I_SC_OR bus0 bus_ir 0glbal_rq dl dfl
   00000 ACPI:IN_SC_R (bu 0bus_irq 9loal_irq 9 high level)
[    0.000000] Using ACPI (MADT) for SMP configuration information
[  00000 smpbot:llowing 2 CUs0 hotplug CPUs
[    0.000000] PM: Registeredosave meory:[mm x00000000-0x00000fff]
[    00000] PM: Registered nosave memory: [m 00009f0-x000ff]
[    0.000000] PM: Registered nosave memory: [mem 0x000a0000-0x000effff]
[    0.000000] PM: Registered nosave memory: [mem 0x000f0000-0x000fffff]
[    0.000000] e820: [mem 0x40000000-0xfebfffff] available for PCI devices
[    0.000000] Booting paravirtualized kernel on KVM
[    0.000000] clocksource: refined-jiffies: mask: 0xffffffff max_cycles: 0xffffffff, max_idle_ns: 7645519600211568 ns
[    0.000000] setup_percpu: NR_CPUS:8 n_cpumak_bits:8 nr_cpu_ids:2 nr_node_ids:1
[    0.000000] PECP: Emeded9 pag/cu @f71000 476 0 d30388 u77824
[  0.00000]  qpinlo hsh tab eries:51 (rde 0 496ytes)
[   .00000Buil 1zolistsn on orde mbiitgroupig n.  Tota pages: 259800
[    0.000000] Kernel command line: BOOT_IMAGE=/boot/vmlinuz-4.4.0-75-generic root=UUID=4d086431-d7e7-4f46-b789-6155962b907a ro console=tty1 console=ttyS0
[    0.000000 PID hash table entries: 4096 (order: 2 1384 byes)
[    0.000000] Dentry cachhash table entries: 131072 (ode 7, 542 btes)    0000] Inode-che hash tblentri: 5536 (order: 6, 221 btes
[  0.000] Iniiazig C#0
[   00000 Iitialin HiMefor node  (03bfe:00ff)
[   000000]Initilizing Movae fr ne  (00000000:00000000)
[    0.000000] Memory: 1008336K/1048120K available (7928K kernel code, 770K rwdata, 3164K rodata, 940K init, 80 bs, 39784 rseved, 0Kcm-rserve 13512K hhm)
[  000000 vrtual kernel memory layout:
[    0.000]    fixmap  : 0ff5000 0xfffff000   ( 936 k)
  0.000000]     ma   : xff0000 0xffe00000   (2048 kB)
[    0.000000]     vmalloc : 0xf83fe000 - 0xffbfe000   ( 120 MB)
[    00000    lowmem  : 0xc0000 0xf7be0   ( 91MB
[   0.0000]       .init : 0xc1900 -0xc84000   ( 940 kB)
[    0.000000]       .data : 0xc17be50b - 0xc1b97b40   (3941 kB)
[    0.000000]       .text : 0xc1000000 - 0xc17be50b   (792kB
[    0.000000] Checking if this processor honours the WP bit even in supervisor mode...Ok.
[    0.000000] SLUB: HWalign=64, Order=0-3, MinOecs=0, Us2, Nod=1
[  0.00000]Hierarical RCU implemntaton
[   0.00000] Buld-tmeadusment of leaf fanout to 32.
[    0.000000] 	RCU restricting CPUs from NR_CPUS=8 to nr_cpu_ids=2.
[    0.000000] RCU:Adusing eoety orrc_fanout_leaf=3, r_pu_is=
[    00000] NR_IQS304 r_qs:440 1
    0.0000] Csoe:olor GA+ 80x25
[    0.000000] console [tty1] enabled
[    0.000000] console [ttyS0] enabled
[    0.000000] allocated 1048576 bytes of page_ext
[  0000000] tsc: Detected 2699.998 MHz processor
[   16.165521] Calibrating delay loop (skipped) preset value.. 5399.99 BogoMIPS (lpj=10799992)
[   16.249442] pid_max: default: 32768 minimum: 301
[   16.306030] ACPI: Core revision 20150930
[   16.361432] ACPI: 2 ACPI AML tables successfully acquired and loaded
[   16.460603] Security Framework initialized
[   16.501099] Yama: becoming mindful.
[   16.557547] AppArmor: AppArmor initialized
[   16.632886] Mount-cache hash table entries: 2048 (order: 1, 8192 bytes)
[   16.737424] Mountpoint-cache hash table entries: 2048 (order: 1, 8192 bytes)
[   16.852942] Initializing cgroup subsys io
[   16.880921] Initializing cgroup subsys memory
[   16.886803] Initializing cgroup subsys devices
[   16.921475] Initializing cgroup subsys freezer
[   16.922890] Initializing cgroup subsys net_cls
[   16.982906] Initializing cgroup subsys perf_event
[   17.021304] Initializing cgroup subsys net_prio
[   17.029005] Initializing cgroup subsys hugetlb
[   17.043958] Initializing cgroup subsys pids
[   17.053443] CPU: Physical Processor ID: 0
[   17.077412] CPU: Processor Core ID: 0
[   17.095377] mce: CPU supports 0 MCE banks
[   17.112734] Last level iTLB entries: 4KB 64, 2MB 8, 4MB 8
[   17.169821] Last level dTLB entries: 4KB 64, 2MB 0, 4MB 0, 1GB 4
[   17.201715] Freeing SMP alternatives memory: 28K (c1c84000 - c1c8b000)
[   17.254877] ftrace: allocating 31398 entries in 62 pages
[   17.304566] smpboot: APIC(0) Converting physical 0 to logical package 0
[   17.329204] smpboot: Max logical packages: 1
[   17.348676] Enabling APIC mode:  Flat.  Using 1 I/O APICs
[   17.372625] ..TIMER: vector=0x30 apic1=0 pin1=2 apic2=-1 pin2=-1
[   17.544739] smpboot: CPU0: Intel(R) Core(TM) i5-5257U CPU @ 2.70GHz (family: 0x6, model: 0x3d, stepping: 0x4)
[   17.705457] Performance Events: unsupported p6 CPU model 61 no PMU driver, software events only.
[   17.874030] KVM setup paravirtual spinlock
[   17.934880] x86: Booting SMP configuration:
[   18.021692] .... node  #0, CPUs:      #1
[1266874886.258538] Initializing CPU#1
[   18.096947] kvm-clock: cpu 1, msr 0:37bfd041, secondary cpu clock
[   18.100017] mce: CPU supports 0 MCE banks
[   18.113323] x86: Booted up 1 node, 2 CPUs
[   18.122431] smpboot: Total of 2 processors activated (10799.99 BogoMIPS)
[   18.194160] devtmpfs: initialized
[   18.233493] evm: security.selinux
[   18.271396] evm: security.SMACK64
[   18.278947] evm: security.SMACK64EXEC
[   18.281841] evm: security.SMACK64TRANSMUTE
[   18.317398] evm: security.SMACK64MMAP
[   18.378200] evm: security.ima
[   18.430274] evm: security.capability
[   18.474192] clocksource: jiffies: mask: 0xffffffff max_cycles: 0xffffffff, max_idle_ns: 7645041785100000 ns
[   18.512788] futex hash table entries: 512 (order: 3, 32768 bytes)
[   18.566962] pinctrl core: initialized pinctrl subsystem
[   18.639280] RTC time: 15:55:04, date: 04/30/17
[   18.703524] NET: Registered protocol family 16
[   18.770980] EISA bus registered
[   18.821990] cpuidle: using governor ladder
[   18.870150] cpuidle: using governor menu
[   18.892523] PCCT header not found.
[   18.893689] ACPI: bus type PCI registered
[   18.937696] acpiphp: ACPI Hot Plug PCI Controller Driver version: 0.5
[   19.033400] PCI : PCI BIOS area is rw and x. Use pci=nobios if you want it NX.
[   19.130138] PCI: PCI BIOS revision 2.10 entry at 0xfda26, last bus=0
[   19.215138] PCI: Using configuration type 1 for base access
[   19.238324] ACPI: Added _OSI(Module Device)
[   19.266724] ACPI: Added _OSI(Processor Device)
[   19.303321] ACPI: Added _OSI(3.0 _SCP Extensions)
[   19.314506] ACPI: Added _OSI(Processor Aggregator Device)
[   19.383327] ACPI: Executed 1 blocks of module-level executable AML code
[   19.447751] ACPI: Interpreter enabled
[   19.455169] ACPI: (supports S0 S5)
[   19.485850] ACPI: Using IOAPIC for interrupt routing
[   19.539163] PCI: Using host bridge windows from ACPI; if necessary, use "pci=nocrs" and report a bug
[   19.651840] ACPI: PCI Root Bridge [PCI0] (domain 0000 [bus 00-ff])
[   19.705466] acpi PNP0A03:00: _OSC: OS supports [ASPM ClockPM Segments MSI]
[   19.790491] acpi PNP0A03:00: _OSC failed (AE_NOT_FOUND); disabling ASPM
[   19.882869] acpi PNP0A03:00: fail to add MMCONFIG information, can't access extended PCI configuration space under this bridge.
[   19.977090] PCI host bridge to bus 0000:00
[   20.018811] pci_bus 0000:00: root bus resource [io  0x0000-0x0cf7 window]
[   20.114040] pci_bus 0000:00: root bus resource [io  0x0d00-0xffff window]
[   20.197972] pci_bus 0000:00: root bus resource [mem 0x000a0000-0x000bffff window]
[   20.211964] pci_bus 0000:00: root bus resource [mem 0x40000000-0xffdfffff window]
[   20.295190] pci_bus 0000:00: root bus resource [bus 00-ff]
[   20.325404] pci 0000:00:01.1: legacy IDE quirk: reg 0x10: [io  0x01f0-0x01f7]
[   20.337988] pci 0000:00:01.1: legacy IDE quirk: reg 0x14: [io  0x03f6]
[   20.422323] pci 0000:00:01.1: legacy IDE quirk: reg 0x18: [io  0x0170-0x0177]
[   20.464585] pci 0000:00:01.1: legacy IDE quirk: reg 0x1c: [io  0x0376]
[   20.490860] pci 0000:00:07.0: quirk: [io  0x4000-0x403f] claimed by PIIX4 ACPI
[   20.571407] pci 0000:00:07.0: quirk: [io  0x4100-0x410f] claimed by PIIX4 SMB
[   20.579440] ACPI: PCI Interrupt Link [LNKA] (IRQs 5 9 10 *11)
[   20.629574] ACPI: PCI Interrupt Link [LNKB] (IRQs 5 9 10 *11)
[   20.697507] ACPI: PCI Interrupt Link [LNKC] (IRQs 5 9 *10 11)
[   20.742800] ACPI: PCI Interrupt Link [LNKD] (IRQs 5 *9 10 11)
[   20.829505] ACPI: Enabled 2 GPEs in block 00 to 07
[   20.863774] vgaarb: setting as boot device: PCI:0000:00:02.0
[   20.937030] vgaarb: device added: PCI:0000:00:02.0,decodes=io+mem,owns=io+mem,locks=none
[   21.041180] vgaarb: loaded
[   21.080233] vgaarb: bridge control possible 0000:00:02.0
[   21.158140] SCSI subsystem initialized
[   21.195223] ACPI: bus type USB registered
[   21.262139] usbcore: registered new interface driver usbfs
[   21.309567] usbcore: registered new interface driver hub
[   21.333430] usbcore: registered new device driver usb
[   21.386160] PCI: Using ACPI for IRQ routing
[   21.405752] NetLabel: Initializing
[   21.437630] NetLabel:  domain hash size = 128
[   21.474428] NetLabel:  protocols = UNLABELED CIPSOv4
[   21.513514] NetLabel:  unlabeled traffic allowed by default
[   21.546501] amd_nb: Cannot enumerate AMD northbridges
[   21.568071] clocksource: Switched to clocksource kvm-clock
[   21.6820 AArr:ppmoFisyemnale
[ 221772 p: P PIinit[   22.5558]pn: P CP fnd dvis  3.1099PnIO Dabd  AI P
[ 23824] clocksource: acpi_p: ask 0fff axcyes 0ffffmaid_n 28510 n
[ 2445236]ETRestedroco fmi 2
[   250181TC etablished hash tablenie 8192 (rd:  376 byts)
[ 25861]TCbi hh ble entris:812 rd: , 53bys)
[  23155 T: ash tabls nfur (taisd 92in81)  7.652] DPhah bl eri: 12(orde: , 16384 bytes)
[  27.597217] UDP-Lite hash table entries: 512 (order: 2, 16384 btes
[ 27098]NE Risreproc family 1
[  2.1582] ci00:000: iming direct PCI/PCI transfers
[   28.543818] pci 0000:00:01.0: Activating ISA DMA hang workarounds
[ 28479]Unacngniams.
[   29.200362] Freeing initrd memory: 14632K (f635c000 - f71a6000)
[   29.280228] RAPL PMU detected, API unit is 2^-32 Joules, 4 fixed counters 10737418240 ms ovfl timer
[   29.329576] hw unit of domain pp0-core 2^-0 Joules
[   29.348724] hw unit of domain package 2^-0 Joules
[   29.404500] hw unit of domain dram 2^-0 Joules
[   29.424220] hw unit of domain pp1-gpu 2^-0 Joules
[   29.425337] platform rtc_cmos: registered platform RTC device (no PNP device found)
[   29.427092] Scanning for low memory corruption every 60 seconds
[   29.428736] audit: initializing netlink subsys (disabled)
[   29.431532] audit: type=2000 audit(1493567698.584:1): initialized
[   29.433076] Initialise system trusted keyring
[   29.434258] HugeTLB registered 2 MB page size, pre-allocated 0 pages
[   29.452645] zbud: loaded
[   29.477056] VFS: Disk quotas dquot_6.6.0
[   29.503518] VFS: Dquot-cache hash table entries: 1024 (order 0, 4096 bytes)
[   29.532208] squashfs: version 4.0 (2009/01/31) Phillip Lougher
[   29.592061] fuse init (API version 7.23)
[   29.676807] Key type big_key registered
[   29.701029] Allocating IMA MOK and blacklist keyrings.
[   29.763617] Key type asymmetric registered
[   29.811888] Asymmetric key parser 'x509' registered
[   29.912646] bounce: pool size: 64 pages
[   29.961728] Block layer SCSI generic (bsg) driver version 0.4 loaded (major 249)
[   30.002893] io scheduler noop registered
[   30.075529] io scheduler deadline registered (default)
[   30.189057] io scheduler cfq registered
[   30.267380] pci_hotplug: PCI Hot Plug PCI Core version: 0.5
[   30.327904] pciehp: PCI Express Hot Plug Controller Driver version: 0.4
[   30.408984] ACPI: AC Adapter [AC] (on-line)
[   30.437185] tsc: Refined TSC clocksource calibration: 2701.373 MHz
[   30.464928] clocksource: tsc: mask: 0xffffffffffffffff max_cycles: 0x26f04fc5135, max_idle_ns: 440795309891 ns
[   30.465065] input: Power Button as /devices/LNXSYSTM:00/LNXPWRBN:00/input/input0
[   30.465068] ACPI: Power Button [PWRF]
[   30.465139] input: Sleep Button as /devices/LNXSYSTM:00/LNXSLPBN:00/input/input1
[   30.465141] ACPI: Sleep Button [SLPF]
[   30.540115] ACPI: Battery Slot [BAT0] (battery present)
[   30.540150] GHES: HEST is not enabled!
[   30.540236] isapnp: Scanning for PnP cards...
[   30.564239] Serial: 8250/16550 driver, 32 ports, IRQ sharing enabled
[   30.606142] 00:02: ttyS0 at I/O 0x3f8 (irq = 4, base_baud = 115200) is a 16550A
[   30.653127] Linux agpgart interface v0.103
[   30.656333] loop: module loaded
[   30.661357] scsi host0: ata_piix
[   30.665409] scsi host1: ata_piix
[   30.675299] ata1: PATA max UDMA/33 cmd 0x1f0 ctl 0x3f6 bmdma 0xd000 irq 14
[   30.682505] ata2: PATA max UDMA/33 cmd 0x170 ctl 0x376 bmdma 0xd008 irq 15
[   30.685227] libphy: Fixed MDIO Bus: probed
[   30.703645] tun: Universal TUN/TAP device driver, 1.6
[   30.708281] tun: (C) 1999-2004 Max Krasnyansky <maxk@qualcomm.com>
[   30.709639] PPP generic driver version 2.4.2
[   30.710697] ehci_hcd: USB 2.0 'Enhanced' Host Controller (EHCI) Driver
[   30.736672] ehci-pci: EHCI PCI platform driver
[   30.737714] ehci-platform: EHCI generic platform driver
[   30.741955] ohci_hcd: USB 1.1 'Open' Host Controller (OHCI) Driver
[   30.753025] ohci-pci: OHCI PCI platform driver
[   30.754060] ohci-platform: OHCI generic platform driver
[   30.755193] uhci_hcd: USB Universal Host Controller Interface driver
[   30.756601] i8042: PNP: PS/2 Controller [PNP0303:PS2K,PNP0f03:PS2M] at 0x60,0x64 irq 1,12
[   30.771458] serio: i8042 KBD port at 0x60,0x64 irq 1
[   30.775040] serio: i8042 AUX port at 0x60,0x64 irq 12
[   30.776271] mousedev: PS/2 mouse device common for all mice
[   30.778843] input: AT Translated Set 2 keyboard as /devices/platform/i8042/serio0/input/input2
[   30.787030] rtc_cmos rtc_cmos: rtc core: registered rtc_cmos as rtc0
[   30.802719] rtc_cmos rtc_cmos: alarms up to one day, 114 bytes nvram
[   30.805361] i2c /dev entries driver
[   30.816711] device-mapper: uevent: version 1.0.3
[   30.817813] device-mapper: ioctl: 4.34.0-ioctl (2015-10-28) initialised: dm-devel@redhat.com
[   30.819702] platform eisa.0: Probing EISA bus 0
[   30.828798] platform eisa.0: EISA: Cannot allocate resource for mainboard
[   30.830197] platform eisa.0: Cannot allocate resource for EISA slot 1
[   30.840273] platform eisa.0: Cannot allocate resource for EISA slot 2
[   30.843928] platform eisa.0: Cannot allocate resource for EISA slot 3
[   30.845310] platform eisa.0: Cannot allocate resource for EISA slot 4
[   30.846662] platform eisa.0: Cannot allocate resource for EISA slot 5
[   30.848021] platform eisa.0: Cannot allocate resource for EISA slot 6
[   30.849386] platform eisa.0: Cannot allocate resource for EISA slot 7
[   30.850728] platform eisa.0: Cannot allocate resource for EISA slot 8
[   30.853660] platform eisa.0: EISA: Detected 0 cards
[   30.856621] cpufreq-nforce2: No nForce2 chipset.
[   30.857666] ledtrig-cpu: registered to indicate activity on CPUs
[   30.859152] NET: Registered protocol family 10
[   30.860447] NET: Registered protocol family 17
[   30.868177] Key type dns_resolver registered
[   30.869347] microcode: CPU0 sig=0x306d4, pf=0x40, revision=0x0
[   30.921803] microcode: CPU1 sig=0x306d4, pf=0x40, revision=0x0
[   30.942295] microcode: Microcode Update Driver: v2.01 <tigran@aivazian.fsnet.co.uk>, Peter Oruba
[   30.944391] Using IPI No-Shortcut mode
[   30.948278] registered taskstats version 1
[   30.951139] Loading compiled-in X.509 certificates
[   30.952161] isapnp: No Plug & Play device found
[   31.121397] Loaded X.509 cert 'Build time autogenerated kernel key: 07b96e98effcf92e436e5474864c4a8d42920bdd'
[   31.223817] zswap: loaded using pool lzo/zbud
[   31.270081] Key type trusted registered
[   31.310519] Key type encrypted registered
[   31.382720] AppArmor: AppArmor sha1 policy hashing enabled
[   31.445207] ima: No TPM chip found, activating TPM-bypass!
[   31.458616] evm: HMAC attrs: 0x1
[   31.461101]   Magic number: 13:723:943
[   31.465871] tty tty0: hash matches
[   31.466692] tty console: hash matches
[   31.476580] rtc_cmos rtc_cmos: setting system clock to 2017-04-30 15:55:16 UTC (1493567716)
[   31.512738] BIOS EDD facility v0.16 2004-Jun-25, 0 devices found
[   31.520769] EDD information not available.
[   31.522312] Freeing unused kernel memory: 940K (c1b99000 - c1c84000)
[   31.526495] Write protecting the kernel text: 7932k
[   31.527638] Write protecting the kernel read-only data: 3168k
[   31.529038] NX-protecting the kernel data: 6404k
Loading, please wait...
starting version[   31.556374] random: systemd-udevd: uninitialized urandom read (16 bytes read, 2 bits of entropy available)
 229
[   31.559459] random: udevadm: uninitialized urandom read (16 bytes read, 2 bits of entropy available)
[   31.559623] random: udevadm: uninitialized urandom read (16 bytes read, 2 bits of entropy available)
[   31.560488] random: udevadm: uninitialized urandom read (16 bytes read, 2 bits of entropy available)
[   31.560573] random: udevadm: uninitialized urandom read (16 bytes read, 2 bits of entropy available)
[   31.560624] random: udevadm: uninitialized urandom read (16 bytes read, 2 bits of entropy available)
[   31.560671] random: udevadm: uninitialized urandom read (16 bytes read, 2 bits of entropy available)
[   31.560713] random: udevadm: uninitialized urandom read (16 bytes read, 2 bits of entropy available)
[   31.560752] random: udevadm: uninitialized urandom read (16 bytes read, 2 bits of entropy available)
[   31.560796] random: udevadm: uninitialized urandom read (16 bytes read, 2 bits of entropy available)
[   31.909375] Fusion MPT base driver 3.04.20
[   31.922262] Copyright (c) 1999-2008 LSI Corporation
[   31.933203] e1000: Intel(R) PRO/1000 Network Driver - version 7.3.21-k8-NAPI
[   31.937602] e1000: Copyright (c) 1999-2006 Intel Corporation.
[   31.965447] Fusion MPT SPI Host driver 3.04.20
[   32.149514] input: ImExPS/2 Generic Explorer Mouse as /devices/platform/i8042/serio1/input/input4
[   32.318417] e1000 0000:00:03.0 eth0: (PCI:33MHz:32-bit) 02:ea:b3:c0:0c:39
[   32.331664] e1000 0000:00:03.0 eth0: Intel(R) PRO/1000 Network Connection
[   32.334048] mptbase: ioc0: Initiating bringup
[   32.334431] e1000 0000:00:03.0 enp0s3: renamed from eth0
[   32.504331] ioc0: LSI53C1030 A0: Capabilities={Initiator}
[   32.791420] scsi host2: ioc0: LSI53C1030 A0, FwRev=00000000h, Ports=1, MaxQ=256, IRQ=20
[   33.041378] scsi 2:0:0:0: Direct-Access     VBOX     HARDDISK         1.0  PQ: 0 ANSI: 5
[   33.988435] scsi target2:0:0: Beginning Domain Validation
[   34.064168] scsi target2:0:0: Domain Validation skipping write tests
[   34.133589] scsi target2:0:0: Ending Domain Validation
[   34.181446] scsi target2:0:0: asynchronous
[   34.775781] scsi 2:0:1:0: Direct-Access     VBOX     HARDDISK         1.0  PQ: 0 ANSI: 5
[   35.068736] scsi target2:0:1: Beginning Domain Validation
[   35.112593] floppy0: no floppy controllers found
[   35.121795] scsi target2:0:1: Domain Validation skipping write tests
[   35.121796] scsi target2:0:1: Ending Domain Validation
[   35.121842] scsi target2:0:1: asynchronous
[   36.011455] sd 2:0:0:0: [sda] 20971520 512-byte logical blocks: (10.7 GB/10.0 GiB)
[   36.066531] sd 2:0:0:0: Attached scsi generic sg0 type 0
[   36.101012] sd 2:0:1:0: Attached scsi generic sg1 type 0
[   36.101171] sd 2:0:0:0: [sda] Write Protect is off
[   36.169028] sd 2:0:1:0: [sdb] 20480 512-byte logical blocks: (10.5 MB/10.0 MiB)
[   36.748300] sd 2:0:0:0: [sda] Incomplete mode parameter data
[   36.748301] sd 2:0:0:0: [sda] Assuming drive cache: write through
[   37.013303]  sda: sda1
[   37.014045] sd 2:0:0:0: [sda] Attached SCSI disk
[   37.226792] sd 2:0:1:0: [sdb] Write Protect is off
[   37.253240] sd 2:0:1:0: [sdb] Incomplete mode parameter data
[   37.337213] sd 2:0:1:0: [sdb] Assuming drive cache: write through
[   37.427387] sd 2:0:1:0: [sdb] Attached SCSI disk
Begin: Loading e[   38.796756] md: linear personality registered for level -1
ssential drivers[   38.926015] md: multipath personality registered for level -4
 ... [   39.074649] md: raid0 personality registered for level 0
[   39.177736] md: raid1 personality registered for level 1
[   39.400100] raid6: mmxx1    gen()  5266 MB/s
[   39.496212] raid6: mmxx2    gen()  3947 MB/s
[   39.600265] raid6: sse1x1   gen()  4551 MB/s
[   39.712092] raid6: sse1x2   gen()  5856 MB/s
[   39.784173] raid6: sse2x1   gen()  9417 MB/s
[   39.920617] raid6: sse2x1   xor()  7257 MB/s
[   40.012308] raid6: sse2x2   gen() 11796 MB/s
[   40.092083] raid6: sse2x2   xor()  7802 MB/s
[   40.133881] raid6: using algorithm sse2x2 gen() 11796 MB/s
[   40.138077] raid6: .... xor() 7802 MB/s, rmw enabled
[   40.189873] raid6: using ssse3x1 recovery algorithm
[   40.236366] xor: automatically using best checksumming function:
[   40.380127]    avx       : 30169.000 MB/sec
[   40.467396] async_tx: api initialized (async)
[   40.488086] md: raid6 personality registered for level 6
[   40.511959] md: raid5 personality registered for level 5
[   40.550205] md: raid4 personality registered for level 4
[   40.602146] md: raid10 personality registered for level 10
done.
Begin: Running /scripts/init-premount ... done.
Begin: Mounting root fil[   40.729873] Btrfs loaded
e system ... Begin: Running /scripts/local-top ... done.
Begin:[   40.791077] EXT4-fs (sda1): INFO: recovery required on readonly filesystem
 Running /script[   40.977157] EXT4-fs (sda1): write access will be enabled during recovery
s/local-premount[   41.099123] EXT4-fs (sda1): recovery complete
 ... Scanning for Btrfs filesystems
done.
Warn[   41.178087] EXT4-fs (sda1): mounted filesystem with ordered data mode. Opts: (null)
ing: fsck not present, so skipping root file system
done.
Begin: Running /scripts/local-bottom ... done.
Begin: Running /scripts/init-bottom ... done.
[   4678435] systemd[1]: systemd 229 running in system mode. (+PAM +AUDIT +SELINUX +IMA +APPARMOR +SMACK +SYSVINIT +UTMP +LIBCRYPTSETUP +GCRYPT +GNUTLS +ACL +XZ -LZ4 +SECCOMP +BLKID +ELFUTILS +KMOD -IDN)
[   42.892850] systemd[1]: Detected virtualization oracle.
[   42.921059] systemd[1]: Detected architecture x86.

Welcome to [1mUbuntu 16.04.2 LTS[0m!

[   42.96156] std[1]: Set hostname to <ubuntu-xenial>.
[   43.182430] random: nonblocking pool is initialized
[   43.338528] systemd[1]: Reached target Swap.
[[0;32m  OK  [0m] Reached target Swap.
[ 43457171] syted[: stning on Jrn AitSoke.
[[0;32m  OK  [0m] Listening on Journal Audit Socket.
[ 44.0408] std[: stinonSyogSocke
[[0;32m  OK  [0m] Listening on Syslog Socket.
[ 443024] sstd[: acd rgt ser an Gup Name Loops

[[0;32m  OK  [0m] Reached target User and Group Name Lookups.
[   45.320146] systemd[1]: Listening on udev Kernel Socket.
[[0;32m  OK  [0m] Listening on udev Kernel Socket.
[ 4542911] systemd[]:isni on /dev/nitlCoatility mePi..
[[0;32m  OK  [0m] Listening on /dev/initctl Compatibility Named Pipe.
[  4.155 ste[1 Lteing on Jorn Sck (dev/log).
[[0;32m  OK  [0m] Listening on Journal Socket (/dev/log).
[   467864 ste[1 Ltenig n url ocke.
[[0;32m  OK  [0m] Listening on Journal Socket.
[ 47736]systemd[1]: Cead li Uer ad ssn ic
[[0;32m  OK  [0m] Created slice User and Session Slice.
[ 48012579] systemd[1]: Started Forward Password Requests to Wall Directory Watch.
[[0;32m  OK  [0m] Started Forward Password Requests to Wall Directory Watch.
[ 48452] systemd[1]: Listenngn VM plldaon socket.
[[0;32m  OK  [0m] Listening on LVM2 poll daemon socket.
[ 4889091] stemd1]Lieng  Dicmaper evntaemo FOs

[[0;32m  OK  [0m] Listening on Device-mapper event daemon FIFOs.
[   9.68] ystmd[1]: Litening on udev Control Socket.
[[0;32m  OK  [0m] Listening on udev Control Socket.
[   .64784syem1] Ceated slic SteSlice.

[[0;32m  OK  [0m] Created slice System Slice.
[   50.168836] systemd[1]: Starting Set console keymap...
         Starting Set console keymap...
[   50.252369] systemd[1]: Starting Load Kernel Modules...
[   50.275046] Loading iSCSI transport class v2.0-870.
         Startin[   50.346584] iscsi: registered transport (tcp)
g Load Kernel Modules...
[   50.392486] systemd[1]: Reached target Slices.
[[0;32m  OK  [0m] Reached target Slices.
[   50.429482] iscsi: registered transport (iser)
[   50.456932] systemd[1]: Starting Create list of required static device nodes for the current kernel...
         Starting Create list of required st... nodes for the current kernel...
[   50.481505] systemd[1]: Mounting Huge Pages File System...
         Mounting Huge Pages File System...
[   50.514118] systemd[1]: Created slice system-postgresql.slice.
[[0;32m  OK  [0m] Created slice system-postgresql.slice.
[   5557942] systemd[1]: reed slicsyte-siax2et.sce.
[[0;32m  OK  [0m] Created slice system-serial\x2dgetty.slice.
[   51.161182] systemd[1]: Starting Journal Service...
         Starting Journal Service...
[   51.218372] systemd[1]: Starting Nameserver information manager...
         Starting Nameserver information manager...
[   51.320451] systemd[1]: Starting Uncomplicated firewall...
         Starting Uncomplicated firewall...
[ 514195] systemd[1]: eaedtargt ncyptedVolumes.

[[0;32m  OK  [0m] Reached target Encrypted Volumes.
[  5812664] systemd[1]: Set up automount Arbitrary Executable File Formats File System Automount Point.

[[0;32m  OK  [0m] Set up automount Arbitrary Executab...ats File System Automount Point.
[   51.972821] systemd[1]: Mounting POSIX Message Queue File System...
         Mounting POSIX Message Queue File System...
[   52.028598] systemd[1]: Starting Remount Root and Kernel File Systems...
[   52.032598] EXT4-fs (sda1): re-mounted. Opts: (null)
         Starting Remount Root and Kernel File Systems...
[   52.109335] systemd[1]: Mounting Debug File System...
         Mounting Debug File System...
[ 52886]ysem1]Litening on LVM2 metadata daemon socket.
[[0;32m  OK  [0m] Listening on LVM2 metadata daemon socket.
[   52.628823] systemd[1]: Starting Monitoring of LVM2 mirrors, snapshots etc. using dmeventd or progress polling...
         Starting Monitoring of LVM2 mirrors... dmeventd or progress polling...
[ 528018] stmd1]: outed Hgeages Fe Syte.
[[0;32m  OK  [0m] Mounted Huge Pages File System.
[ 534884systemd[1]: Mounted POSIX Message Queue File System.
[[0;32m  OK  [0m] Mounted POSIX Message Queue File System.
[   3.67] system[1: Mounte DugFie Sytem.
[[0;32m  OK  [0m] Mounted Debug File System.
[ 54049]syem1]StteJornal Servie.
 [[0;32m  OK  [0m] Started Journal Service.
[[0;32m  OK  [0m] Started Set console keymap.
[[0;32m  OK  [0m] Started Load Kernel Modules.
[[0;32m  OK  [0m] Started Create list of required sta...ce nodes for the current kernel.
[[0;32m  OK  [0m] Started Uncomplicated firewall.
[[0;32m  OK  [0m] Started Remount Root and Kernel File Systems.
[[0;32m  OK  [0m] Started Nameserver information manager.
[[0;32m  OK  [0m] Started LVM2 metadata daemon.
         Starting Load/Save Random Seed...
         Starting Initial cloud-init job (pre-networking)...
         Starting udev Coldplug all Devices...
         Starting Create Static Device Nodes in /dev...
         Mounting FUSE Control File System...
         Starting Apply Kernel Variables...
         Starting Flush Journal to Persistent Storage...
[[0;32m  OK  [0m] Mounted FUSE Control File System.
[[0;32m  OK  [0m] Started Load/Save Random Seed.
[[0;32m  OK  [0m] Started Create Static Device Nodes in /dev.
[[0;32m  OK  [0m] Started Monitoring of LVM2 mirrors,...ng dmeventd or progress polling.
[[0;32m  OK  [0m] Started Apply Kernel Variables.
[[0;32m  OK  [0m] Started udev Coldplug all Devices.
[[0;32m  OK  [0m] Started Flush Journal to Persistent Storage.
         Starting udev Kernel Device Manager...
[[0;32m  OK  [0m] Started udev Kernel Device Manager.
[[0;32m  OK  [0m] Reached target Local File Systems (Pre).
[[0;32m  OK  [0m] Reached target Local File Systems.
         Starting Tell Plymouth To Write Out Runtime Data...
         Starting Create Volatile Files and Directories...
         Starting LSB: AppArmor initialization...
         Starting Set console font and keymap...
[[0;32m  OK  [0m] Started Dispatch Password Requests to Console Directory Watch.
[   35.231091] cloud-init[441]: Cloud-init v. 0.7.9 running 'init-local' at Sun, 30 Apr 2017 15:55:40 +0000. Up 34.84 seconds.
[[0;32m  OK  [0m] Started Tell Plymouth To Write Out Runtime Data.
[[0;32m  OK  [0m] Started Create Volatile Files and Directories.
[[0;32m  OK  [0m] Started Initial cloud-init job (pre-networking).
[[0;32m  OK  [0m] Found device /dev/ttyS0.
[[0;32m  OK  [0m] Started Set console font and keymap.
[[0;32m  OK  [0m] Started LSB: AppArmor initialization.
[[0;32m  OK  [0m] Listening on Load/Save RF Kill Switch Status /dev/rfkill Watch.
[[0;32m  OK  [0m] Created slice system-getty.slice.
[[0;32m  OK  [0m] Reached target Network (Pre).
[[0;32m  OK  [0m] Started ifup for enp0s3.
         Starting Raise network interfaces...
         Starting Update UTMP about System Boot/Shutdown...
[[0;32m  OK  [0m] Reached target System Time Synchronized.
[[0;32m  OK  [0m] Started Update UTMP about System Boot/Shutdown.
[[0;32m  OK  [0m] Started Raise network interfaces.
         Starting Initial cloud-init job (metadata service crawler)...
[[0;32m  OK  [0m] Reached target Network.
[   39.182340] cloud-init[955]: Cloud-init v. 0.7.9 running 'init' at Sun, 30 Apr 2017 15:55:44 +0000. Up 38.65 seconds.
[   39.217741] cloud-init[955]: ci-info: +++++++++++++++++++++++++++++++++++++Net device info+++++++++++++++++++++++++++++++++++++
[   39.234483] cloud-init[955]: ci-info: +--------+------+---------------------------+---------------+-------+-------------------+
[[   39.294355] cloud-init[955]: ci-info: | Device |  Up  |          Address          |      Mask     | Scope |     Hw-Address    |
[0;32m  OK  [0m] Started Initial cloud-init job (metadata service crawler).
[   39.295109] cloud-init[955]: ci-info: +--------+------+---------------------------+---------------+-------+-------------------+
[   39.400876] cloud-init[955]: ci-info: |   lo   | True |         127.0.0.1         |   255.0.0.0   |   .   |         .         |
[[0;32m  OK  [0m] Reached target Cloud-config availability.
[   39.458859] cloud-init[955]: ci-info: |   lo   | True |          ::1/128          |       .       |  host |         .         |
[   39.459254] cloud-init[955]: ci-info: | enp0s3 | True |         10.0.2.15         | 255.255.255.0 |   .   | 02:ea:b3:c0:0c:39 |
[[0;32m  OK  [0m] Reached target System Initialization.
[[   39.459555] cloud-init[955]: ci-info: | enp0s3 | True | fe80::ea:b3ff:fec0:c39/64 |       .       |  link | 02:ea:b3:c0:0c:39 |
[0;32m  OK  [0m] Started Trigger resolvconf update for networkd DNS.
[   39.513169] cloud-init[955]: ci-info: +--------+------+---------------------------+---------------+-------+-------------------+
[   39.617326] cloud-init[955]: [ci-info: +++++++++++++++++++++++++++Route IPv4 info++++++++++++++++++++++++++++[0;32m  OK  [0m
] Started Daily Cleanup of Temporary Directories.
[   39.617414] cloud-init[955]: ci-info: +-------+-------------+----------+---------------+-----------+-------+
[   39.737473] cloud-init[955]: ci-info: | Route | Destination | Gateway  |    Genmask    | Interface | Flags |
[[0;32m  OK  [0m] Listening on UUID daemon activation socket.
[   39.737639] cloud-init[955]: ci-info: +-------+-------------+----------+---------------+-----------+-------+
[[0;32m  OK  [0m[   39.830935] ] cloud-initStarted ACPI Events Check.[955]: 
ci-info: |   0   |   0.0.0.0   | 10.0.2.2 |    0.0.0.0    |   enp0s3  |   UG  |
[   39.831708] cloud-init[955]: ci-info: |   1   |   10.0.2.0  | 0.0.0.0  | 255.255.255.0 |   enp0s3  |   U   |
[   39.885691] cloud-init[955]: ci-info: +-------+-------------+----------+---------------+-----------+-------+
[[0;32m  OK  [0m] Reached target Paths.
[[0;32m  OK  [0m] Listening on D-Bus System Message Bus Socket.
[[0;32m  OK  [0m] Listening on ACPID Listen Socket.
         Starting LXD - unix socket.
[[0;32m  OK  [0m] Started Timer to automatically refresh installed snaps.
[[0;32m  OK  [0m] Started Daily apt activities.
[[0;32m  OK  [0m] Reached target Timers.
         Starting Socket activation for snappy daemon.
[[0;32m  OK  [0m] Reached target Network is Online.
         Starting iSCSI initiator daemon (iscsid)...
[[0;32m  OK  [0m] Listening on LXD - unix socket.
[[0;32m  OK  [0m] Listening on Socket activation for snappy daemon.
[[0;32m  OK  [0m] Started iSCSI initiator daemon (iscsid).
         Starting Login to default iSCSI targets...
[[0;32m  OK  [0m] Reached target Sockets.
[[0;32m  OK  [0m] Reached target Basic System.
[[0;32m  OK  [0m] Started D-Bus System Message Bus.
         Starting Login Service...
         Starting LSB: MD monitoring daemon...
[[0;32m  OK  [0m] Started FUSE filesystem for LXC.
[[0;32m  OK  [0m] Started Deferred execution scheduler.
         Starting Apply the settings specified in cloud-config...
[[0;32m  OK  [0m] Started Snappy daemon.
         Starting Auto import assertions from block devices...
         Starting Accounts Service...
[[0;32m  OK  [0m] Started ACPI event daemon.
         Starting /etc/rc.local Compatibility...
         Starting Daily apt activities...
         Starting LSB: Record successful boot for GRUB...
         Starting OpenBSD Secure Shell server...
         Starting vboxadd-x11.service...
[[0;32m  OK  [0m] Started Regular background program processing daemon.
         Starting PostgreSQL Cluster 9.5-main...
         Starting vboxadd.service...
         Starting LXD - container startup/shutdown...
         Starting System Logging Service...
[[0;32m  OK  [0m] Started OpenBSD Secure Shell server.
[[0;32m  OK  [0m] Started Auto import assertions from block devices.
[[0;32m  OK  [0m] Started /etc/rc.local Compatibility.
[[0;32m  OK  [0m] Started LXD - container startup/shutdown.
[[0;32m  OK  [0m] Started System Logging Service.
[[0;32m  OK  [0m] Started LSB: MD monitoring daemon.
[[0;32m  OK  [0m] Started Login to default iSCSI targets.
[[0;32m  OK  [0m] Started vboxadd-x11.service.
[[0;32m  OK  [0m] Started LSB: Record successful boot for GRUB.
         Starting Authenticate and Authorize Users to Run Privileged Tasks...
[[0;32m  OK  [0m] Reached target Remote File Systems (Pre).
[[0;32m  OK  [0m] Reached target Remote File Systems.
         Starting LSB: daemon to balance interrupts for SMP systems...
         Starting LSB: Start/stop sysstat's sadc...
         Starting Permit User Sessions...
         Starting LSB: automatic crash report generation...
         Starting LSB: Set the CPU Frequency Scaling governor to "ondemand"...
[[0;32m  OK  [0m] Started vboxadd.service.
[[0;32m  OK  [0m] Started Permit User Sessions.
[[0;32m  OK  [0m] Started Login Service.
[[0;32m  OK  [0m] Started Authenticate and Authorize Users to Run Privileged Tasks.
[[0;32m  OK  [0m] Started Accounts Service.
[   42.259153] cloud-init[1029]: Cloud-init v. 0.7.9 running 'modules:config' at Sun, 30 Apr 2017 15:55:48 +0000. Up 42.11 seconds.
[[0;32m  OK  [0m] Started Apply the settings specified in cloud-config.
[[0;32m  OK  [0m] Started LSB: daemon to balance interrupts for SMP systems.
[[0;32m  OK  [0m] Started LSB: Start/stop sysstat's sadc.
[[0;32m  OK  [0m] Created slice User Slice of ubuntu.
[[0;32m  OK  [0m] Started Session 1 of user ubuntu.
         Starting User Manager for UID 1000...
         Starting Terminate Plymouth Boot Screen...
         Starting Hold until boot process finishes up...
         Starting vboxadd-service.service...
[[0;32m  OK  [0m] Started User Manager for UID 1000.
[[0;32m  OK  [0m] Started LSB: automatic crash report generation.
[[0;32m  OK  [0m] Started LSB: Set the CPU Frequency Scaling governor to "ondemand".
[[0;32m  OK  [0m] Started Terminate Plymouth Boot Screen.
[[0;32m  OK  [0m] Started Hold until boot process finishes up.
[[0;32m  OK  [0m] Started vboxadd-service.service.
[[0;32m  OK  [0m] Started Serial Getty on ttyS0.
[[0;32m  OK  [0m] Started Getty on tty1.
[[0;32m  OK  [0m] Reached target Login Prompts.
         Starting Set console scheme...
[[0;32m  OK  [0m] Started Set console scheme.
[[0;32m  OK  [0m] Started PostgreSQL Cluster 9.5-main.
         Starting PostgreSQL RDBMS...
[[0;32m  OK  [0m] Started PostgreSQL RDBMS.
[[0;32m  OK  [0m] Reached target Multi-User System.
[[0;32m  OK  [0m] Reached target Graphical Interface.
         Starting Update UTMP about System Runlevel Changes...
         Starting Execute cloud user/final scripts...
[[0;32m  OK  [0m] Started Update UTMP about System Runlevel Changes.
[   45.317769] cloud-init[1651]: Cloud-init v. 0.7.9 running 'modules:final' at Sun, 30 Apr 2017 15:55:51 +0000. Up 45.07 seconds.
[   45.348448] cloud-init[1651]: Cloud-init v. 0.7.9 finished at Sun, 30 Apr 2017 15:55:51 +0000. Datasource DataSourceNoCloud [seed=/dev/sdb][dsmode=net].  Up 45.30 seconds
[[0;32m  OK  [0m] Started Execute cloud user/final scripts.
[[0;32m  OK  [0m] Reached target Cloud-init target.
         Stopping User Manager for UID 1000...
[[0;32m  OK  [0m] Stopped User Manager for UID 1000.
[[0;32m  OK  [0m] Removed slice User Slice of ubuntu.

Ubuntu 16.04.2 LTS ubuntu-xenial ttyS0

ubuntu-xenial login: 